{
    "id": 6,
    "name": "Product X",
    "description": "Product X description",
    "price": 13,
    "category_id": 1,
    "created_at": "2025-03-06T18:09:51Z",
    "updated_at": "2025-03-06T18:09:51Z"
}
