{
    "id": 6,
    "name": "Product X UPDATED",
    "description": "Product X description UPDATED",
    "price": 12.11,
    "category_id": 1,
    "created_at": "2025-03-06T18:09:51Z",
    "updated_at": "2025-03-06T18:11:04Z"
}
