{
    "id": 9,
    "customer_id": 5,
    "total_bill": 0,
    "status": "OPEN",
    "products": null,
    "created_at": "2025-02-15T17:09:18Z",
    "updated_at": "2025-02-15T17:09:18Z"
}
