{
  "total": 2,
  "page": 1,
  "limit": 10,
  "orders": [
    {
      "id": 13,
      "customer_id": 1,
      "total_bill": "6.90",
      "status": "OPEN",
      "customer": {
        "id": 1,
        "name": "John Doe",
        "email": "john.doe@email.com",
        "cpf": "123.456.789-00",
        "created_at": "2025-02-28T16:28:18Z",
        "updated_at": "2025-02-28T16:28:18Z"
      },
      "products": [
        {
          "id": 2,
          "name": "Coca-Cola 350ml",
          "description": "Refrigerante Coca-Cola lata",
          "price": 6.9,
          "category_id": 2,
          "created_at": "2025-02-28T16:28:18Z",
          "updated_at": "2025-02-28T16:28:18Z",
          "quantity": 1
        }
      ],
      "created_at": "2021-10-01T09:59:59Z",
      "updated_at": "2025-02-28T16:28:18Z"
    },
    {
      "id": 2,
      "customer_id": 1,
      "total_bill": "42.90",
      "status": "PENDING",
      "customer": {
        "id": 2,
        "name": "Johnny Doenny",
        "email": "johnny.doenny@email.com",
        "cpf": "987.654.321-00",
        "created_at": "2025-02-28T16:28:18Z",
        "updated_at": "2025-02-28T16:28:18Z"
      },
      "products": [
        {
          "id": 5,
          "name": "Combo Big",
          "description": "X-Burger + Batata + Refrigerante",
          "price": 42.9,
          "category_id": 5,
          "created_at": "2025-02-28T16:28:18Z",
          "updated_at": "2025-02-28T16:28:18Z",
          "quantity": 1
        }
      ],
      "created_at": "2025-02-28T16:28:18Z",
      "updated_at": "2025-02-28T16:28:18Z"
    }
  ]
}
