{
    "id": 15,
    "customer_id": 5,
    "total_bill": "0.00",
    "status": "PENDING",
    "customer": {
        "id": 5,
        "name": "Test Customer 5",
        "email": "test.customer.5@email.com",
        "cpf": "321.654.987-00",
        "created_at": "2025-02-28T16:28:18Z",
        "updated_at": "2025-02-28T16:28:18Z"
    },
    "created_at": "2025-03-06T15:19:09Z",
    "updated_at": "2025-03-06T15:21:03Z"
}
