{
    "code": 400,
    "message": "invalid body"
}
