{
    "code": 404,
    "message": "data not found"
}
