{
    "total": 2,
    "page": 1,
    "limit": 10,
    "staffs": [
        {
            "id": 1,
            "name": "John Doe",
            "role": "COOK",
            "created_at": "2025-02-28T16:28:18Z",
            "updated_at": "2025-02-28T16:28:18Z"
        },
        {
            "id": 2,
            "name": "John Doe 2",
            "role": "ATTENDANT",
            "created_at": "2025-02-28T16:28:18Z",
            "updated_at": "2025-02-28T16:28:18Z"
        }
    ]
}
