{
    "id": 6,
    "name": "John Doe 6 UPDATED",
    "role": "ATTENDANT",
    "created_at": "2025-03-06T19:29:45Z",
    "updated_at": "2025-03-06T19:40:18Z"
}
