{
    "id": 6,
    "name": "Foods",
    "created_at": "2025-03-06T17:03:28-03:00",
    "updated_at": "2025-03-06T17:03:58-03:00"
}
