{
  "total": 1,
  "page": 1,
  "limit": 10,
  "categories": [
      {
          "id": 2,
          "name": "Foods",
          "created_at": "2025-02-28T16:28:18Z",
          "updated_at": "2025-02-28T16:28:18Z"
      }
  ]
}
