{
    "order_id": 11,
    "product_id": 3,
    "quantity": 4,
    "order": {
        "id": 11,
        "customer_id": 5,
        "total_bill": 0,
        "status": "OPEN",
        "created_at": "2025-02-16T19:24:18Z",
        "updated_at": "2025-02-16T19:24:18Z"
    },
    "product": {
        "id": 3,
        "name": "Sundae",
        "description": "Sorvete com calda de chocolate",
        "price": 12.9,
        "category_id": 3,
        "created_at": "2025-02-16T20:36:05Z",
        "updated_at": "2025-02-16T20:36:05Z"
    },
    "created_at": "2025-02-16T19:30:38Z",
    "updated_at": "2025-02-16T19:30:38Z"
}
