{
    "order_id": 1,
    "product_id": 1,
    "quantity": 2,
    "order": {
        "id": 1,
        "customer_id": 1,
        "status": "OPEN",
        "created_at": "2025-02-28T16:28:18Z",
        "updated_at": "2025-02-28T16:28:18Z"
    },
    "product": {
        "id": 1,
        "name": "Product X UPDATED",
        "description": "Product X description UPDATED",
        "price": 12.11,
        "category_id": 1,
        "created_at": "2025-02-28T16:28:18Z",
        "updated_at": "2025-03-06T18:10:28Z"
    },
    "created_at": "2025-02-28T16:28:18Z",
    "updated_at": "2025-03-06T18:55:24Z"
}
