{
    "id": 6,
    "name": "John Doe 6 UPDATED",
    "email": "john.doe.6.updated@email.com",
    "cpf": "000.000.000-06",
    "created_at": "2025-03-06T17:03:28Z",
    "updated_at": "2025-03-06T17:03:58Z"
}
